{"kind":"sheet","id":"ws/nzoc0w","name":"Q2_运输架次","index":0,"range":"A1:H32","address":"A1:H32"}
{"kind":"sheet","id":"ws/dxtzbn","name":"Q2_逐箱交付","index":1,"range":"A1:D81","address":"A1:D81"}
{"kind":"sheet","id":"ws/jp05g6","name":"架次装载与时间","index":2,"range":"A1:I32","address":"A1:I32"}
{"kind":"sheet","id":"ws/hj6lle","name":"逐箱时限与交接","index":3,"range":"A1:K81","address":"A1:K81"}
{"kind":"sheet","id":"ws/mygt0j","name":"电池使用与充电","index":4,"range":"A1:H32","address":"A1:H32"}
{"kind":"sheet","id":"ws/myf533","name":"无人机占用","index":5,"range":"A1:G32","address":"A1:G32"}
{"kind":"sheet","id":"ws/9zadx1","name":"逐段载荷与能耗","index":6,"range":"A1:N69","address":"A1:N69"}
{"kind":"sheet","id":"ws/ev4ytg","name":"目标优先级对比","index":7,"range":"A1:K6","address":"A1:K6"}
{"kind":"sheet","id":"ws/eskt0g","name":"对照运输安排","index":8,"range":"A1:N69","address":"A1:N69"}
{"kind":"sheet","id":"ws/f6hz0g","name":"对照逐箱交付","index":9,"range":"A1:I241","address":"A1:I241"}
{"kind":"sheet","id":"ws/3frk65","name":"硬截止裕量","index":10,"range":"A1:G32","address":"A1:G32"}
{"kind":"sheet","id":"ws/fxflx0","name":"求解状态","index":11,"range":"A1:L878","address":"A1:L878"}
{"kind":"sheet","id":"ws/f7utnd","name":"核验结果","index":12,"range":"A1:E6","address":"A1:E6"}
{"kind":"sheet","id":"ws/f133bx","name":"方案来源","index":13,"range":"A1:E5","address":"A1:E5"}
{"kind":"sheet","id":"ws/6001kj","name":"口径与来源","index":14,"range":"A1:B12","address":"A1:B12"}
{"kind":"sheet","id":"ws/1hu293","name":"航迹坐标","index":15,"range":"A1:H273","address":"A1:H273"}
{"kind":"notice","message":"Cell search matched 0 entries."}
Rendered Q2_运输架次
Rendered Q2_逐箱交付
Rendered 架次装载与时间
Rendered 逐箱时限与交接
Rendered 电池使用与充电
Rendered 无人机占用
Rendered 逐段载荷与能耗
Rendered 目标优先级对比
Rendered 对照运输安排
Rendered 对照逐箱交付
Rendered 硬截止裕量
Rendered 求解状态
Rendered 核验结果
Rendered 方案来源
Rendered 口径与来源
Rendered 航迹坐标
Inspect result written to file: D:\xyq\数模\D题\建模\outputs\q2\问题二结果.xlsx.inspect.ndjson
Exported 问题二结果.xlsx

