{"kind":"sheet","id":"ws/abnc3s","name":"Q1_单点组批","index":0,"range":"A1:I19","address":"A1:I19"}
{"kind":"sheet","id":"ws/nn0c86","name":"作业时间分解","index":1,"range":"A1:H19","address":"A1:H19"}
{"kind":"sheet","id":"ws/eicysn","name":"最大安全载荷","index":2,"range":"A1:G46","address":"A1:G46"}
{"kind":"sheet","id":"ws/ve781f","name":"目标优先级对比","index":3,"range":"A1:I4","address":"A1:I4"}
{"kind":"sheet","id":"ws/q7xi4f","name":"余量敏感性汇总","index":4,"range":"A1:I8","address":"A1:I8"}
{"kind":"sheet","id":"ws/ay7cd9","name":"余量载荷明细","index":5,"range":"A1:E316","address":"A1:E316"}
{"kind":"sheet","id":"ws/0i8tj8","name":"不可行情景诊断","index":6,"range":"A1:H16","address":"A1:H16"}
{"kind":"sheet","id":"ws/hlt6qt","name":"服务区汇总","index":7,"range":"A1:J16","address":"A1:J16"}
{"kind":"sheet","id":"ws/t93nsn","name":"核验结果","index":8,"range":"A1:I16","address":"A1:I16"}
{"kind":"sheet","id":"ws/t2c42f","name":"口径与来源","index":9,"range":"A1:B10","address":"A1:B10"}
{"kind":"notice","message":"Cell search matched 0 entries."}
Rendered Q1_单点组批
Rendered 作业时间分解
Rendered 最大安全载荷
Rendered 目标优先级对比
Rendered 余量敏感性汇总
Rendered 余量载荷明细
Rendered 不可行情景诊断
Rendered 服务区汇总
Rendered 核验结果
Rendered 口径与来源
Inspect result written to file: D:\xyq\数模\D题\建模\outputs\q1\问题一结果.xlsx.inspect.ndjson
Exported 问题一结果.xlsx

