nohup: 忽略输入
MODEL interval_relay_switch routes 42 stations 65
SOLVE {"label": "interval_relay_switch", "status": "FEASIBLE", "seconds": 120.077806527, "seed": 43, "workers": 8, "zero_lateness": true, "route_pool_count": 42, "station_pool_count": 65, "integer_objective": 12774235, "integer_bound": 12427142.0, "model_build_s": 9.884291938999581}
BEST interval_relay_switch {"boxes": 80, "transport_sorties": 21, "relay_sorties": 3, "transport_energy_kwh": 64.09596908039461, "relay_energy_kwh": 2.349304202173859, "joint_finish_s": 6612.284, "transport_finish_s": 6559.627, "last_delivery_s": 6234.755, "late_boxes": 0, "weighted_delay_s": 0.0, "weighted_mean_delivery_s": 3091.608905857741, "multi_stop_sorties": 6, "total_energy_kwh": 66.44527328256846, "score": 0.0037081055399544767}
ENRICH 6 physical_generated 10887 active 1200 bundles 5520
MODEL joint_neighborhood_1 routes 1200 stations 65
SOLVE {"label": "joint_neighborhood_1", "status": "FEASIBLE", "seconds": 120.080668966, "seed": 44, "workers": 8, "zero_lateness": true, "route_pool_count": 1200, "station_pool_count": 65, "integer_objective": 12774235, "integer_bound": 12281065.0, "model_build_s": 0.4326997210103656}
BEST joint_neighborhood_1 {"boxes": 80, "transport_sorties": 21, "relay_sorties": 3, "transport_energy_kwh": 64.09596908039461, "relay_energy_kwh": 2.349304202173859, "joint_finish_s": 6612.283, "transport_finish_s": 6559.627, "last_delivery_s": 6234.755, "late_boxes": 0, "weighted_delay_s": 0.0, "weighted_mean_delivery_s": 3101.198579497908, "multi_stop_sorties": 6, "total_energy_kwh": 66.44527328256846, "score": 0.003708041850279103}
ENRICH 7 physical_generated 12691 active 1200 bundles 5695
MODEL joint_neighborhood_2 routes 1200 stations 65
SOLVE {"label": "joint_neighborhood_2", "status": "FEASIBLE", "seconds": 120.09349821200001, "seed": 45, "workers": 8, "zero_lateness": true, "route_pool_count": 1200, "station_pool_count": 65, "integer_objective": 12774235, "integer_bound": 12268130.0, "model_build_s": 0.4204702330114003}
BEST joint_neighborhood_2 {"boxes": 80, "transport_sorties": 21, "relay_sorties": 3, "transport_energy_kwh": 64.09596908039461, "relay_energy_kwh": 2.349304202173859, "joint_finish_s": 6612.283, "transport_finish_s": 6559.627, "last_delivery_s": 6234.755, "late_boxes": 0, "weighted_delay_s": 0.0, "weighted_mean_delivery_s": 3101.198579497908, "multi_stop_sorties": 6, "total_energy_kwh": 66.44527328256846, "score": 0.003708041850279103}
ENRICH 8 physical_generated 13215 active 1200 bundles 5845
MODEL joint_neighborhood_3 routes 1200 stations 65
SOLVE {"label": "joint_neighborhood_3", "status": "FEASIBLE", "seconds": 120.079058871, "seed": 46, "workers": 8, "zero_lateness": true, "route_pool_count": 1200, "station_pool_count": 65, "integer_objective": 12774235, "integer_bound": 12233488.0, "model_build_s": 0.417042410954906}
BEST joint_neighborhood_3 {"boxes": 80, "transport_sorties": 21, "relay_sorties": 3, "transport_energy_kwh": 64.09596908039461, "relay_energy_kwh": 2.349304202173859, "joint_finish_s": 6612.283, "transport_finish_s": 6559.627, "last_delivery_s": 6234.755, "late_boxes": 0, "weighted_delay_s": 0.0, "weighted_mean_delivery_s": 3101.198579497908, "multi_stop_sorties": 6, "total_energy_kwh": 66.44527328256846, "score": 0.003708041850279103}
ENRICH 9 physical_generated 13486 active 1200 bundles 5898
MODEL joint_neighborhood_4 routes 1200 stations 65
SOLVE {"label": "joint_neighborhood_4", "status": "FEASIBLE", "seconds": 120.08469604300001, "seed": 47, "workers": 8, "zero_lateness": true, "route_pool_count": 1200, "station_pool_count": 65, "integer_objective": 12774235, "integer_bound": 12244959.0, "model_build_s": 0.4199237549245254}
BEST joint_neighborhood_4 {"boxes": 80, "transport_sorties": 21, "relay_sorties": 3, "transport_energy_kwh": 64.09596908039461, "relay_energy_kwh": 2.349304202173859, "joint_finish_s": 6612.283, "transport_finish_s": 6559.627, "last_delivery_s": 6234.755, "late_boxes": 0, "weighted_delay_s": 0.0, "weighted_mean_delivery_s": 3101.198579497908, "multi_stop_sorties": 6, "total_energy_kwh": 66.44527328256846, "score": 0.003708041850279103}
MODEL fixed_refinement routes 21 stations 65
SOLVE {"label": "fixed_refinement", "status": "FEASIBLE", "seconds": 120.061815331, "seed": 49, "workers": 8, "zero_lateness": true, "route_pool_count": 21, "station_pool_count": 65, "integer_objective": 12774235, "integer_bound": 12520104.0, "model_build_s": 0.030469291020082778}
BEST fixed_refinement {"boxes": 80, "transport_sorties": 21, "relay_sorties": 3, "transport_energy_kwh": 64.09596908039461, "relay_energy_kwh": 2.349304202173859, "joint_finish_s": 6612.283, "transport_finish_s": 6559.627, "last_delivery_s": 6234.755, "late_boxes": 0, "weighted_delay_s": 0.0, "weighted_mean_delivery_s": 3100.2948138075317, "multi_stop_sorties": 6, "total_energy_kwh": 66.44527328256846, "score": 0.003708041850279103}
FINAL {"boxes": 80, "transport_sorties": 21, "relay_sorties": 3, "transport_energy_kwh": 64.09596908039461, "relay_energy_kwh": 2.349304202173859, "joint_finish_s": 6612.283, "transport_finish_s": 6559.627, "last_delivery_s": 6234.755, "late_boxes": 0, "weighted_delay_s": 0.0, "weighted_mean_delivery_s": 3100.2948138075317, "multi_stop_sorties": 6, "total_energy_kwh": 66.44527328256846, "score": 0.003708041850279103} hard_slack 212.0619999999999
