{"kind":"sheet","id":"ws/x7bc8u","name":"主权重统一评分","index":0,"range":"A1:J10","address":"A1:J10"}
{"kind":"sheet","id":"ws/9ut3wi","name":"权重设置","index":1,"range":"A1:G5","address":"A1:G5"}
{"kind":"sheet","id":"ws/xm58mm","name":"权重情景定义","index":2,"range":"A1:J5","address":"A1:J5"}
{"kind":"sheet","id":"ws/5n2rw7","name":"Q2_运输架次","index":3,"range":"A1:H25","address":"A1:H25"}
{"kind":"sheet","id":"ws/mvo6q9","name":"Q2_逐箱交付","index":4,"range":"A1:D81","address":"A1:D81"}
{"kind":"sheet","id":"ws/hiikpl","name":"架次装载与时间","index":5,"range":"A1:I25","address":"A1:I25"}
{"kind":"sheet","id":"ws/5ji3yo","name":"逐箱时限与交接","index":6,"range":"A1:K81","address":"A1:K81"}
{"kind":"sheet","id":"ws/yk46oz","name":"电池使用与充电","index":7,"range":"A1:H25","address":"A1:H25"}
{"kind":"sheet","id":"ws/lfy0fi","name":"无人机占用","index":8,"range":"A1:G25","address":"A1:G25"}
{"kind":"sheet","id":"ws/3f2bz7","name":"逐段载荷与能耗","index":9,"range":"A1:N51","address":"A1:N51"}
{"kind":"sheet","id":"ws/xd3stb","name":"对照运输安排","index":10,"range":"A1:N88","address":"A1:N88"}
{"kind":"sheet","id":"ws/89dse5","name":"对照逐箱交付","index":11,"range":"A1:I321","address":"A1:I321"}
{"kind":"sheet","id":"ws/bj0zd0","name":"硬截止裕量","index":12,"range":"A1:G32","address":"A1:G32"}
{"kind":"sheet","id":"ws/hzw9bc","name":"求解状态","index":13,"range":"A1:L33","address":"A1:L33"}
{"kind":"sheet","id":"ws/ckcfwh","name":"核验结果","index":14,"range":"A1:F6","address":"A1:F6"}
{"kind":"sheet","id":"ws/b4l52z","name":"口径与来源","index":15,"range":"A1:B15","address":"A1:B15"}
{"kind":"sheet","id":"ws/xko7fm","name":"航迹坐标","index":16,"range":"A1:H201","address":"A1:H201"}
{"kind":"notice","message":"Cell search matched 0 entries."}
Rendered 主权重统一评分
Rendered 权重设置
Rendered 权重情景定义
Rendered Q2_运输架次
Rendered Q2_逐箱交付
Rendered 架次装载与时间
Rendered 逐箱时限与交接
Rendered 电池使用与充电
Rendered 无人机占用
Rendered 逐段载荷与能耗
Rendered 对照运输安排
Rendered 对照逐箱交付
Rendered 硬截止裕量
Rendered 求解状态
Rendered 核验结果
Rendered 口径与来源
Rendered 航迹坐标
Inspect result written to file: D:\xyq\数模\D题\建模\outputs\q2_weighted\问题二结果.xlsx.inspect.ndjson
Exported 问题二结果.xlsx

Worksheet "权重设置" is missing a required sheetId.
Worksheet "权重设置" is missing a required sheetId.
Worksheet "权重设置" is missing a required sheetId.
Worksheet "权重设置" is missing a required sheetId.
Worksheet "权重设置" is missing a required sheetId.
Worksheet "权重设置" is missing a required sheetId.
Worksheet "权重设置" is missing a required sheetId.
Worksheet "权重设置" is missing a required sheetId.
Worksheet "权重设置" is missing a required sheetId.
Worksheet "权重设置" is missing a required sheetId.
Worksheet "权重设置" is missing a required sheetId.
Worksheet "权重设置" is missing a required sheetId.
Worksheet "权重设置" is missing a required sheetId.
Worksheet "权重设置" is missing a required sheetId.
Worksheet "权重设置" is missing a required sheetId.
Worksheet "权重设置" is missing a required sheetId.
Worksheet "权重设置" is missing a required sheetId.
Worksheet "权重设置" is missing a required sheetId.
Worksheet "权重设置" is missing a required sheetId.
Worksheet "权重设置" is missing a required sheetId.
Worksheet "权重设置" is missing a required sheetId.
Worksheet "权重设置" is missing a required sheetId.
Worksheet "权重设置" is missing a required sheetId.
Worksheet "权重设置" is missing a required sheetId.
Worksheet "权重设置" is missing a required sheetId.
Worksheet "权重设置" is missing a required sheetId.
Worksheet "权重设置" is missing a required sheetId.
Worksheet "权重设置" is missing a required sheetId.
Worksheet "权重设置" is missing a required sheetId.
Worksheet "权重设置" is missing a required sheetId.
Worksheet "权重设置" is missing a required sheetId.
Worksheet "权重设置" is missing a required sheetId.
Worksheet "权重设置" is missing a required sheetId.
Worksheet "权重设置" is missing a required sheetId.
Worksheet "权重设置" is missing a required sheetId.
Worksheet "权重设置" is missing a required sheetId.
